{
  "version": "1.5.0",
  "plugins_used": [
    {
      "name": "ArtifactoryDetector"
    },
    {
      "name": "AWSKeyDetector"
    },
    {
      "name": "AzureStorageKeyDetector"
    },
    {
      "name": "Base64HighEntropyString",
      "limit": 4.5
    },
    {
      "name": "BasicAuthDetector"
    },
    {
      "name": "CloudantDetector"
    },
    {
      "name": "DiscordBotTokenDetector"
    },
    {
      "name": "GitHubTokenDetector"
    },
    {
      "name": "GitLabTokenDetector"
    },
    {
      "name": "HexHighEntropyString",
      "limit": 3.0
    },
    {
      "name": "IbmCloudIamDetector"
    },
    {
      "name": "IbmCosHmacDetector"
    },
    {
      "name": "IPPublicDetector"
    },
    {
      "name": "JwtTokenDetector"
    },
    {
      "name": "KeywordDetector",
      "keyword_exclude": ""
    },
    {
      "name": "MailchimpDetector"
    },
    {
      "name": "NpmDetector"
    },
    {
      "name": "OpenAIDetector"
    },
    {
      "name": "PrivateKeyDetector"
    },
    {
      "name": "PypiTokenDetector"
    },
    {
      "name": "SendGridDetector"
    },
    {
      "name": "SlackDetector"
    },
    {
      "name": "SoftlayerDetector"
    },
    {
      "name": "SquareOAuthDetector"
    },
    {
      "name": "StripeDetector"
    },
    {
      "name": "TelegramBotTokenDetector"
    },
    {
      "name": "TwilioKeyDetector"
    }
  ],
  "filters_used": [
    {
      "path": "detect_secrets.filters.allowlist.is_line_allowlisted"
    },
    {
      "path": "detect_secrets.filters.common.is_baseline_file",
      "filename": ".secrets.baseline"
    },
    {
      "path": "detect_secrets.filters.common.is_ignored_due_to_verification_policies",
      "min_level": 2
    },
    {
      "path": "detect_secrets.filters.heuristic.is_indirect_reference"
    },
    {
      "path": "detect_secrets.filters.heuristic.is_likely_id_string"
    },
    {
      "path": "detect_secrets.filters.heuristic.is_lock_file"
    },
    {
      "path": "detect_secrets.filters.heuristic.is_not_alphanumeric_string"
    },
    {
      "path": "detect_secrets.filters.heuristic.is_potential_uuid"
    },
    {
      "path": "detect_secrets.filters.heuristic.is_prefixed_with_dollar_sign"
    },
    {
      "path": "detect_secrets.filters.heuristic.is_sequential_string"
    },
    {
      "path": "detect_secrets.filters.heuristic.is_swagger_file"
    },
    {
      "path": "detect_secrets.filters.heuristic.is_templated_secret"
    }
  ],
  "results": {
    ".github/workflows/ci.yml": [
      {
        "type": "Secret Keyword",
        "filename": ".github/workflows/ci.yml",
        "hashed_secret": "829c3804401b0727f70f73d4415e162400cbe57b",
        "is_verified": false,
        "line_number": 154
      }
    ],
    "archive/github-issues-2026-08-14.json": [
      {
        "type": "Secret Keyword",
        "filename": "archive/github-issues-2026-08-14.json",
        "hashed_secret": "c1626bde7d8e73ec633632824f1b3d70ed80a124",
        "is_verified": false,
        "line_number": 13028
      }
    ],
    "src/meraki_dashboard_exporter/__main__.py": [
      {
        "type": "Secret Keyword",
        "filename": "src/meraki_dashboard_exporter/__main__.py",
        "hashed_secret": "aecdccc1cf64595b34e0cc152d238daabb32183a",
        "is_verified": false,
        "line_number": 153
      }
    ],
    "src/meraki_dashboard_exporter/core/constants/metrics_constants.py": [
      {
        "type": "Secret Keyword",
        "filename": "src/meraki_dashboard_exporter/core/constants/metrics_constants.py",
        "hashed_secret": "b180bb99f89387ef564cd732ca6450be1659f686",
        "is_verified": false,
        "line_number": 76
      }
    ],
    "tests/harness/corpus/manifest.json": [
      {
        "type": "Hex High Entropy String",
        "filename": "tests/harness/corpus/manifest.json",
        "hashed_secret": "d8347a4f24d431050a29be1b3ecb8d61ef3c6f3e",
        "is_verified": false,
        "line_number": 6
      },
      {
        "type": "Hex High Entropy String",
        "filename": "tests/harness/corpus/manifest.json",
        "hashed_secret": "b2926367713fe03f94e7a49f16f0d4c7361cf2fc",
        "is_verified": false,
        "line_number": 23
      },
      {
        "type": "Hex High Entropy String",
        "filename": "tests/harness/corpus/manifest.json",
        "hashed_secret": "20f2adc4b1614ebaba54c8108ce8d92dc20a5ae2",
        "is_verified": false,
        "line_number": 40
      },
      {
        "type": "Hex High Entropy String",
        "filename": "tests/harness/corpus/manifest.json",
        "hashed_secret": "32a2e7193fa3dd88ea8cf4877e2e908b8d5ba34d",
        "is_verified": false,
        "line_number": 57
      }
    ],
    "tests/test_api_client.py": [
      {
        "type": "Secret Keyword",
        "filename": "tests/test_api_client.py",
        "hashed_secret": "2e7a7ee14caebf378fc32d6cf6f557f347c96773",
        "is_verified": false,
        "line_number": 134
      }
    ],
    "tests/test_webhook.py": [
      {
        "type": "Secret Keyword",
        "filename": "tests/test_webhook.py",
        "hashed_secret": "72cb70dbbafe97e5ea13ad88acd65d08389439b0",
        "is_verified": false,
        "line_number": 51
      },
      {
        "type": "Secret Keyword",
        "filename": "tests/test_webhook.py",
        "hashed_secret": "85c08fb0ff6bae7e56652ee15d4f049d67605dbd",
        "is_verified": false,
        "line_number": 161
      }
    ],
    "tests/test_webhook_handler.py": [
      {
        "type": "Secret Keyword",
        "filename": "tests/test_webhook_handler.py",
        "hashed_secret": "2be621d0f1b4cce754fec629a0d0e35034edb123",
        "is_verified": false,
        "line_number": 80
      },
      {
        "type": "Secret Keyword",
        "filename": "tests/test_webhook_handler.py",
        "hashed_secret": "85c08fb0ff6bae7e56652ee15d4f049d67605dbd",
        "is_verified": false,
        "line_number": 182
      }
    ],
    "tests/unit/test_status_builders.py": [
      {
        "type": "Secret Keyword",
        "filename": "tests/unit/test_status_builders.py",
        "hashed_secret": "4d8e13562ee74802c81708d9470201e77e09a7cb",
        "is_verified": false,
        "line_number": 27
      }
    ],
    "tests/unit/test_webhook_replay_715.py": [
      {
        "type": "Secret Keyword",
        "filename": "tests/unit/test_webhook_replay_715.py",
        "hashed_secret": "2be621d0f1b4cce754fec629a0d0e35034edb123",
        "is_verified": false,
        "line_number": 49
      }
    ]
  },
  "generated_at": "2026-08-29T17:41:35Z"
}
